
> ai-website@0.1.0 build
> next build

Ôû▓ Next.js 16.1.6 (Turbopack)
- Environments: .env.local

node.exe : ÔÜá The 
"middleware" file 
convention is 
deprecated. Please 
use "proxy" instead. 
Learn more: https://ne
xtjs.org/docs/messages
/middleware-to-proxy
Au caractère Ligne:1 
: 1
+ & "C:\Program Files\
nodejs/node.exe" 
"C:\Program 
Files\nodejs/node_mo 
...
+ ~~~~~~~~~~~~~~~~~~~~
~~~~~~~~~~~~~~~~~~~~~~
~~~~~~~~~~~~~~~~~~~~~~
~~~~~
    + CategoryInfo    
          : NotSpeci  
  fied: (ÔÜá The "m   
 iddle...leware-to    
-proxy:String) []    
, RemoteException
    + FullyQualifiedE 
   rrorId : NativeCo  
  mmandError
 
  Creating an optimized production build ...
Ô£ô Compiled successfully in 5.4s
  Running TypeScript ...
  Collecting page data using 7 workers ...
  Generating static pages using 7 workers (0/3) ...
Ô£ô Generating static pages using 7 workers (3/3) in 143.9ms
  Finalizing page optimization ...

Route (app)
Ôöî Ôùï /_not-found
Ôö£ ãÆ /[locale]
Ôö£ ãÆ /[locale]/about
Ôö£ ãÆ /[locale]/about/careers
Ôö£ ãÆ /[locale]/about/impact
Ôö£ ãÆ /[locale]/about/team
Ôö£ ãÆ /[locale]/auth/signin
Ôö£ ãÆ /[locale]/auth/signup
Ôö£ ãÆ /[locale]/booking
Ôö£ ãÆ /[locale]/explore/[category]
Ôö£ ãÆ /[locale]/legal/privacy
Ôö£ ãÆ /[locale]/legal/terms
Ôö£ ãÆ /[locale]/partners
Ôö£ ãÆ /[locale]/partners/portal/analytics
Ôö£ ãÆ /[locale]/partners/portal/dashboard
Ôö£ ãÆ /[locale]/partners/portal/login
Ôö£ ãÆ /[locale]/partners/portal/payouts
Ôö£ ãÆ /[locale]/partners/portal/support
Ôö£ ãÆ /[locale]/pricing
Ôö£ ãÆ /[locale]/pricing/bespoke
Ôö£ ãÆ /[locale]/pricing/enterprise
Ôö£ ãÆ /[locale]/pricing/premium
Ôö£ ãÆ /[locale]/safety
Ôö£ ãÆ /[locale]/search
Ôö£ ãÆ /[locale]/support/faq
Ôö£ ãÆ /[locale]/testimonials
Ôöö ãÆ /api/auth/[...nextauth]


ãÆ Proxy (Middleware)

Ôùï  (Static)   prerendered as static content
ãÆ  (Dynamic)  server-rendered on demand

